23:54:59 **** Build of configuration Debug for project fft_test ****
make -j4 all 
arm-none-eabi-gcc "../Core/Src/main.c" -mcpu=cortex-m4 -std=gnu11 -g3 -DDEBUG -DUSE_HAL_DRIVER -DSTM32L476xx -c -I../Core/Inc -IC:/Users/danie/STM32Cube/Repository//Packs/STMicroelectronics/X-CUBE-ALGOBUILD/1.4.0/Middlewares/Third_Party/ARM/DSP/Inc -IC:/Users/danie/STM32Cube/Repository/STM32Cube_FW_L4_V1.18.1/Drivers/STM32L4xx_HAL_Driver/Inc -IC:/Users/danie/STM32Cube/Repository/STM32Cube_FW_L4_V1.18.1/Drivers/STM32L4xx_HAL_Driver/Inc/Legacy -IC:/Users/danie/STM32Cube/Repository/STM32Cube_FW_L4_V1.18.1/Drivers/CMSIS/Device/ST/STM32L4xx/Include -IC:/Users/danie/STM32Cube/Repository/STM32Cube_FW_L4_V1.18.1/Drivers/CMSIS/Include -O0 -ffunction-sections -fdata-sections -Wall -fstack-usage -fcyclomatic-complexity -MMD -MP -MF"Core/Src/main.d" -MT"Core/Src/main.o" --specs=nano.specs -mfpu=fpv4-sp-d16 -mfloat-abi=hard -mthumb -o "Core/Src/main.o"
../Core/Src/main.c: In function 'main':
../Core/Src/main.c:107:12: warning: unused variable 'time_us' [-Wunused-variable]
  107 |   uint32_t time_us = difftime / 80;
      |            ^~~~~~~
../Core/Src/main.c:77:20: warning: unused variable 'status' [-Wunused-variable]
   77 |         arm_status status = arm_rfft_fast_init_f32(&fft_instance, FFT_Length);
      |                    ^~~~~~
arm-none-eabi-gcc -o "fft_test.elf" @"objects.list"  -l:libarm_cortexM4lf_math.a -mcpu=cortex-m4 -T"C:\Users\danie\OneDrive - Universidad Técnica Federico Santa María\Escritorio\u\IPD439\codigo\fft_test\STM32L476RGTX_FLASH.ld" --specs=nosys.specs -Wl,-Map="fft_test.map" -Wl,--gc-sections -static -LC:/Users/danie/STM32Cube/Repository/Packs/STMicroelectronics/X-CUBE-ALGOBUILD/1.4.0/Middlewares/Third_Party/ARM/DSP/Lib --specs=nano.specs -mfpu=fpv4-sp-d16 -mfloat-abi=hard -mthumb -Wl,--start-group -lc -lm -Wl,--end-group
Finished building target: fft_test.elf
 
arm-none-eabi-size  fft_test.elf 
arm-none-eabi-objdump -h -S fft_test.elf  > "fft_test.list"
   text	   data	    bss	    dec	    hex	filename
 135588	     12	  34444	 170044	  2983c	fft_test.elf
Finished building: default.size.stdout
 
Finished building: fft_test.list
 

23:55:02 Build Finished. 0 errors, 2 warnings. (took 2s.864ms)

