16:10:46 **** Incremental Build of configuration Debug for project proyecto_1 ****
make -j4 all 
arm-none-eabi-gcc "../Core/Src/main.c" -mcpu=cortex-m4 -std=gnu11 -g -DDEBUG -DUSE_HAL_DRIVER -DSTM32L476xx -c -I../Core/Inc -I../FATFS/Target -I../FATFS/App -IC:/Users/danie/STM32Cube/Repository/STM32Cube_FW_L4_V1.18.1/Drivers/STM32L4xx_HAL_Driver/Inc -IC:/Users/danie/STM32Cube/Repository/STM32Cube_FW_L4_V1.18.1/Drivers/STM32L4xx_HAL_Driver/Inc/Legacy -IC:/Users/danie/STM32Cube/Repository/STM32Cube_FW_L4_V1.18.1/Middlewares/Third_Party/FatFs/src -IC:/Users/danie/STM32Cube/Repository/STM32Cube_FW_L4_V1.18.1/Drivers/CMSIS/Device/ST/STM32L4xx/Include -IC:/Users/danie/STM32Cube/Repository/STM32Cube_FW_L4_V1.18.1/Drivers/CMSIS/Include -I../X-CUBE-MEMS1/Target -IC:/Users/danie/STM32Cube/Repository//Packs/STMicroelectronics/X-CUBE-MEMS1/11.1.0/Drivers/BSP/Components/lsm6dsl -Og -ffunction-sections -fdata-sections -Wall -fstack-usage -fcyclomatic-complexity -MMD -MP -MF"Core/Src/main.d" -MT"Core/Src/main.o" --specs=nano.specs -mfpu=fpv4-sp-d16 -mfloat-abi=hard -mthumb -o "Core/Src/main.o"
arm-none-eabi-gcc "../Core/Src/stm32l4xx_it.c" -mcpu=cortex-m4 -std=gnu11 -g -DDEBUG -DUSE_HAL_DRIVER -DSTM32L476xx -c -I../Core/Inc -I../FATFS/Target -I../FATFS/App -IC:/Users/danie/STM32Cube/Repository/STM32Cube_FW_L4_V1.18.1/Drivers/STM32L4xx_HAL_Driver/Inc -IC:/Users/danie/STM32Cube/Repository/STM32Cube_FW_L4_V1.18.1/Drivers/STM32L4xx_HAL_Driver/Inc/Legacy -IC:/Users/danie/STM32Cube/Repository/STM32Cube_FW_L4_V1.18.1/Middlewares/Third_Party/FatFs/src -IC:/Users/danie/STM32Cube/Repository/STM32Cube_FW_L4_V1.18.1/Drivers/CMSIS/Device/ST/STM32L4xx/Include -IC:/Users/danie/STM32Cube/Repository/STM32Cube_FW_L4_V1.18.1/Drivers/CMSIS/Include -I../X-CUBE-MEMS1/Target -IC:/Users/danie/STM32Cube/Repository//Packs/STMicroelectronics/X-CUBE-MEMS1/11.1.0/Drivers/BSP/Components/lsm6dsl -Og -ffunction-sections -fdata-sections -Wall -fstack-usage -fcyclomatic-complexity -MMD -MP -MF"Core/Src/stm32l4xx_it.d" -MT"Core/Src/stm32l4xx_it.o" --specs=nano.specs -mfpu=fpv4-sp-d16 -mfloat-abi=hard -mthumb -o "Core/Src/stm32l4xx_it.o"
arm-none-eabi-gcc "../Core/Src/tim.c" -mcpu=cortex-m4 -std=gnu11 -g -DDEBUG -DUSE_HAL_DRIVER -DSTM32L476xx -c -I../Core/Inc -I../FATFS/Target -I../FATFS/App -IC:/Users/danie/STM32Cube/Repository/STM32Cube_FW_L4_V1.18.1/Drivers/STM32L4xx_HAL_Driver/Inc -IC:/Users/danie/STM32Cube/Repository/STM32Cube_FW_L4_V1.18.1/Drivers/STM32L4xx_HAL_Driver/Inc/Legacy -IC:/Users/danie/STM32Cube/Repository/STM32Cube_FW_L4_V1.18.1/Middlewares/Third_Party/FatFs/src -IC:/Users/danie/STM32Cube/Repository/STM32Cube_FW_L4_V1.18.1/Drivers/CMSIS/Device/ST/STM32L4xx/Include -IC:/Users/danie/STM32Cube/Repository/STM32Cube_FW_L4_V1.18.1/Drivers/CMSIS/Include -I../X-CUBE-MEMS1/Target -IC:/Users/danie/STM32Cube/Repository//Packs/STMicroelectronics/X-CUBE-MEMS1/11.1.0/Drivers/BSP/Components/lsm6dsl -Og -ffunction-sections -fdata-sections -Wall -fstack-usage -fcyclomatic-complexity -MMD -MP -MF"Core/Src/tim.d" -MT"Core/Src/tim.o" --specs=nano.specs -mfpu=fpv4-sp-d16 -mfloat-abi=hard -mthumb -o "Core/Src/tim.o"
../Core/Src/main.c: In function 'MEMS_Init_SPI_FIFO_Int':
../Core/Src/main.c:361:21: warning: assignment to 'LSM6DSL_WriteReg_Func' {aka 'long int (*)(short unsigned int,  short unsigned int,  unsigned char *, short unsigned int)'} from incompatible pointer type 'int32_t (*)(void *, uint8_t,  uint8_t *, uint16_t)' {aka 'long int (*)(void *, unsigned char,  unsigned char *, short unsigned int)'} [-Wincompatible-pointer-types]
  361 |     io_ctx.WriteReg = SPI_Send;
      |                     ^
../Core/Src/main.c:362:20: warning: assignment to 'LSM6DSL_ReadReg_Func' {aka 'long int (*)(short unsigned int,  short unsigned int,  unsigned char *, short unsigned int)'} from incompatible pointer type 'int32_t (*)(void *, uint8_t,  uint8_t *, uint16_t)' {aka 'long int (*)(void *, unsigned char,  unsigned char *, short unsigned int)'} [-Wincompatible-pointer-types]
  362 |     io_ctx.ReadReg = SPI_Recv;
      |                    ^
../Core/Src/main.c:353:11: warning: unused variable 'sens_a' [-Wunused-variable]
  353 |     float sens_a;
      |           ^~~~~~
arm-none-eabi-gcc -o "proyecto_1.elf" @"objects.list"   -mcpu=cortex-m4 -T"C:\Users\danie\OneDrive - Universidad Técnica Federico Santa María\Escritorio\u\IPD439\codigo\proyecto_1\STM32L476RGTX_FLASH.ld" --specs=nosys.specs -Wl,-Map="proyecto_1.map" -Wl,--gc-sections -static --specs=nano.specs -mfpu=fpv4-sp-d16 -mfloat-abi=hard -mthumb -u _printf_float -u _scanf_float -Wl,--start-group -lc -lm -Wl,--end-group
Finished building target: proyecto_1.elf
 
arm-none-eabi-size  proyecto_1.elf 
arm-none-eabi-objdump -h -S proyecto_1.elf  > "proyecto_1.list"
   text	   data	    bss	    dec	    hex	filename
  46624	    492	  11076	  58192	   e350	proyecto_1.elf
Finished building: default.size.stdout
 
Finished building: proyecto_1.list
 
16:11:00 **** Incremental Build of configuration Debug for project proyecto_1 ****
make -j4 all 
arm-none-eabi-size  proyecto_1.elf 
   text	   data	    bss	    dec	    hex	filename
  46624	    492	  11076	  58192	   e350	proyecto_1.elf
Finished building: default.size.stdout
 
16:12:11 **** Incremental Build of configuration Debug for project proyecto_1 ****
make -j4 all 
arm-none-eabi-gcc "../Core/Src/main.c" -mcpu=cortex-m4 -std=gnu11 -g -DDEBUG -DUSE_HAL_DRIVER -DSTM32L476xx -c -I../Core/Inc -I../FATFS/Target -I../FATFS/App -IC:/Users/danie/STM32Cube/Repository/STM32Cube_FW_L4_V1.18.1/Drivers/STM32L4xx_HAL_Driver/Inc -IC:/Users/danie/STM32Cube/Repository/STM32Cube_FW_L4_V1.18.1/Drivers/STM32L4xx_HAL_Driver/Inc/Legacy -IC:/Users/danie/STM32Cube/Repository/STM32Cube_FW_L4_V1.18.1/Middlewares/Third_Party/FatFs/src -IC:/Users/danie/STM32Cube/Repository/STM32Cube_FW_L4_V1.18.1/Drivers/CMSIS/Device/ST/STM32L4xx/Include -IC:/Users/danie/STM32Cube/Repository/STM32Cube_FW_L4_V1.18.1/Drivers/CMSIS/Include -I../X-CUBE-MEMS1/Target -IC:/Users/danie/STM32Cube/Repository//Packs/STMicroelectronics/X-CUBE-MEMS1/11.1.0/Drivers/BSP/Components/lsm6dsl -Og -ffunction-sections -fdata-sections -Wall -fstack-usage -fcyclomatic-complexity -MMD -MP -MF"Core/Src/main.d" -MT"Core/Src/main.o" --specs=nano.specs -mfpu=fpv4-sp-d16 -mfloat-abi=hard -mthumb -o "Core/Src/main.o"
../Core/Src/main.c: In function 'MEMS_Init_SPI_FIFO_Int':
../Core/Src/main.c:361:21: warning: assignment to 'LSM6DSL_WriteReg_Func' {aka 'long int (*)(short unsigned int,  short unsigned int,  unsigned char *, short unsigned int)'} from incompatible pointer type 'int32_t (*)(void *, uint8_t,  uint8_t *, uint16_t)' {aka 'long int (*)(void *, unsigned char,  unsigned char *, short unsigned int)'} [-Wincompatible-pointer-types]
  361 |     io_ctx.WriteReg = SPI_Send;
      |                     ^
../Core/Src/main.c:362:20: warning: assignment to 'LSM6DSL_ReadReg_Func' {aka 'long int (*)(short unsigned int,  short unsigned int,  unsigned char *, short unsigned int)'} from incompatible pointer type 'int32_t (*)(void *, uint8_t,  uint8_t *, uint16_t)' {aka 'long int (*)(void *, unsigned char,  unsigned char *, short unsigned int)'} [-Wincompatible-pointer-types]
  362 |     io_ctx.ReadReg = SPI_Recv;
      |                    ^
../Core/Src/main.c:353:11: warning: unused variable 'sens_a' [-Wunused-variable]
  353 |     float sens_a;
      |           ^~~~~~
arm-none-eabi-gcc -o "proyecto_1.elf" @"objects.list"   -mcpu=cortex-m4 -T"C:\Users\danie\OneDrive - Universidad Técnica Federico Santa María\Escritorio\u\IPD439\codigo\proyecto_1\STM32L476RGTX_FLASH.ld" --specs=nosys.specs -Wl,-Map="proyecto_1.map" -Wl,--gc-sections -static --specs=nano.specs -mfpu=fpv4-sp-d16 -mfloat-abi=hard -mthumb -u _printf_float -u _scanf_float -Wl,--start-group -lc -lm -Wl,--end-group
Finished building target: proyecto_1.elf
 
arm-none-eabi-size  proyecto_1.elf 
arm-none-eabi-objdump -h -S proyecto_1.elf  > "proyecto_1.list"
   text	   data	    bss	    dec	    hex	filename
  46768	    492	  11076	  58336	   e3e0	proyecto_1.elf
Finished building: default.size.stdout
 
Finished building: proyecto_1.list
 
16:18:49 **** Incremental Build of configuration Debug for project proyecto_1 ****
make -j4 all 
arm-none-eabi-gcc "../Core/Src/main.c" -mcpu=cortex-m4 -std=gnu11 -g -DDEBUG -DUSE_HAL_DRIVER -DSTM32L476xx -c -I../Core/Inc -I../FATFS/Target -I../FATFS/App -IC:/Users/danie/STM32Cube/Repository/STM32Cube_FW_L4_V1.18.1/Drivers/STM32L4xx_HAL_Driver/Inc -IC:/Users/danie/STM32Cube/Repository/STM32Cube_FW_L4_V1.18.1/Drivers/STM32L4xx_HAL_Driver/Inc/Legacy -IC:/Users/danie/STM32Cube/Repository/STM32Cube_FW_L4_V1.18.1/Middlewares/Third_Party/FatFs/src -IC:/Users/danie/STM32Cube/Repository/STM32Cube_FW_L4_V1.18.1/Drivers/CMSIS/Device/ST/STM32L4xx/Include -IC:/Users/danie/STM32Cube/Repository/STM32Cube_FW_L4_V1.18.1/Drivers/CMSIS/Include -I../X-CUBE-MEMS1/Target -IC:/Users/danie/STM32Cube/Repository//Packs/STMicroelectronics/X-CUBE-MEMS1/11.1.0/Drivers/BSP/Components/lsm6dsl -Og -ffunction-sections -fdata-sections -Wall -fstack-usage -fcyclomatic-complexity -MMD -MP -MF"Core/Src/main.d" -MT"Core/Src/main.o" --specs=nano.specs -mfpu=fpv4-sp-d16 -mfloat-abi=hard -mthumb -o "Core/Src/main.o"
../Core/Src/main.c: In function 'MEMS_Init_SPI_FIFO_Int':
../Core/Src/main.c:361:21: warning: assignment to 'LSM6DSL_WriteReg_Func' {aka 'long int (*)(short unsigned int,  short unsigned int,  unsigned char *, short unsigned int)'} from incompatible pointer type 'int32_t (*)(void *, uint8_t,  uint8_t *, uint16_t)' {aka 'long int (*)(void *, unsigned char,  unsigned char *, short unsigned int)'} [-Wincompatible-pointer-types]
  361 |     io_ctx.WriteReg = SPI_Send;
      |                     ^
../Core/Src/main.c:362:20: warning: assignment to 'LSM6DSL_ReadReg_Func' {aka 'long int (*)(short unsigned int,  short unsigned int,  unsigned char *, short unsigned int)'} from incompatible pointer type 'int32_t (*)(void *, uint8_t,  uint8_t *, uint16_t)' {aka 'long int (*)(void *, unsigned char,  unsigned char *, short unsigned int)'} [-Wincompatible-pointer-types]
  362 |     io_ctx.ReadReg = SPI_Recv;
      |                    ^
../Core/Src/main.c:353:11: warning: unused variable 'sens_a' [-Wunused-variable]
  353 |     float sens_a;
      |           ^~~~~~
arm-none-eabi-gcc -o "proyecto_1.elf" @"objects.list"   -mcpu=cortex-m4 -T"C:\Users\danie\OneDrive - Universidad Técnica Federico Santa María\Escritorio\u\IPD439\codigo\proyecto_1\STM32L476RGTX_FLASH.ld" --specs=nosys.specs -Wl,-Map="proyecto_1.map" -Wl,--gc-sections -static --specs=nano.specs -mfpu=fpv4-sp-d16 -mfloat-abi=hard -mthumb -u _printf_float -u _scanf_float -Wl,--start-group -lc -lm -Wl,--end-group
Finished building target: proyecto_1.elf
 
arm-none-eabi-size  proyecto_1.elf 
arm-none-eabi-objdump -h -S proyecto_1.elf  > "proyecto_1.list"
   text	   data	    bss	    dec	    hex	filename
  46672	    492	  11084	  58248	   e388	proyecto_1.elf
Finished building: default.size.stdout
 
Finished building: proyecto_1.list
 
16:27:59 **** Incremental Build of configuration Debug for project proyecto_1 ****
make -j4 all 
arm-none-eabi-gcc "../Core/Src/main.c" -mcpu=cortex-m4 -std=gnu11 -g -DDEBUG -DUSE_HAL_DRIVER -DSTM32L476xx -c -I../Core/Inc -I../FATFS/Target -I../FATFS/App -IC:/Users/danie/STM32Cube/Repository/STM32Cube_FW_L4_V1.18.1/Drivers/STM32L4xx_HAL_Driver/Inc -IC:/Users/danie/STM32Cube/Repository/STM32Cube_FW_L4_V1.18.1/Drivers/STM32L4xx_HAL_Driver/Inc/Legacy -IC:/Users/danie/STM32Cube/Repository/STM32Cube_FW_L4_V1.18.1/Middlewares/Third_Party/FatFs/src -IC:/Users/danie/STM32Cube/Repository/STM32Cube_FW_L4_V1.18.1/Drivers/CMSIS/Device/ST/STM32L4xx/Include -IC:/Users/danie/STM32Cube/Repository/STM32Cube_FW_L4_V1.18.1/Drivers/CMSIS/Include -I../X-CUBE-MEMS1/Target -IC:/Users/danie/STM32Cube/Repository//Packs/STMicroelectronics/X-CUBE-MEMS1/11.1.0/Drivers/BSP/Components/lsm6dsl -Og -ffunction-sections -fdata-sections -Wall -fstack-usage -fcyclomatic-complexity -MMD -MP -MF"Core/Src/main.d" -MT"Core/Src/main.o" --specs=nano.specs -mfpu=fpv4-sp-d16 -mfloat-abi=hard -mthumb -o "Core/Src/main.o"
../Core/Src/main.c: In function 'MEMS_Init_SPI_FIFO_Int':
../Core/Src/main.c:361:21: warning: assignment to 'LSM6DSL_WriteReg_Func' {aka 'long int (*)(short unsigned int,  short unsigned int,  unsigned char *, short unsigned int)'} from incompatible pointer type 'int32_t (*)(void *, uint8_t,  uint8_t *, uint16_t)' {aka 'long int (*)(void *, unsigned char,  unsigned char *, short unsigned int)'} [-Wincompatible-pointer-types]
  361 |     io_ctx.WriteReg = SPI_Send;
      |                     ^
../Core/Src/main.c:362:20: warning: assignment to 'LSM6DSL_ReadReg_Func' {aka 'long int (*)(short unsigned int,  short unsigned int,  unsigned char *, short unsigned int)'} from incompatible pointer type 'int32_t (*)(void *, uint8_t,  uint8_t *, uint16_t)' {aka 'long int (*)(void *, unsigned char,  unsigned char *, short unsigned int)'} [-Wincompatible-pointer-types]
  362 |     io_ctx.ReadReg = SPI_Recv;
      |                    ^
../Core/Src/main.c:353:11: warning: unused variable 'sens_a' [-Wunused-variable]
  353 |     float sens_a;
      |           ^~~~~~
arm-none-eabi-gcc -o "proyecto_1.elf" @"objects.list"   -mcpu=cortex-m4 -T"C:\Users\danie\OneDrive - Universidad Técnica Federico Santa María\Escritorio\u\IPD439\codigo\proyecto_1\STM32L476RGTX_FLASH.ld" --specs=nosys.specs -Wl,-Map="proyecto_1.map" -Wl,--gc-sections -static --specs=nano.specs -mfpu=fpv4-sp-d16 -mfloat-abi=hard -mthumb -u _printf_float -u _scanf_float -Wl,--start-group -lc -lm -Wl,--end-group
Finished building target: proyecto_1.elf
 
arm-none-eabi-size  proyecto_1.elf 
arm-none-eabi-objdump -h -S proyecto_1.elf  > "proyecto_1.list"
   text	   data	    bss	    dec	    hex	filename
  46744	    492	  11084	  58320	   e3d0	proyecto_1.elf
Finished building: default.size.stdout
 
Finished building: proyecto_1.list
 
16:32:59 **** Incremental Build of configuration Debug for project proyecto_1 ****
make -j4 all 
arm-none-eabi-gcc "../Core/Src/main.c" -mcpu=cortex-m4 -std=gnu11 -g -DDEBUG -DUSE_HAL_DRIVER -DSTM32L476xx -c -I../Core/Inc -I../FATFS/Target -I../FATFS/App -IC:/Users/danie/STM32Cube/Repository/STM32Cube_FW_L4_V1.18.1/Drivers/STM32L4xx_HAL_Driver/Inc -IC:/Users/danie/STM32Cube/Repository/STM32Cube_FW_L4_V1.18.1/Drivers/STM32L4xx_HAL_Driver/Inc/Legacy -IC:/Users/danie/STM32Cube/Repository/STM32Cube_FW_L4_V1.18.1/Middlewares/Third_Party/FatFs/src -IC:/Users/danie/STM32Cube/Repository/STM32Cube_FW_L4_V1.18.1/Drivers/CMSIS/Device/ST/STM32L4xx/Include -IC:/Users/danie/STM32Cube/Repository/STM32Cube_FW_L4_V1.18.1/Drivers/CMSIS/Include -I../X-CUBE-MEMS1/Target -IC:/Users/danie/STM32Cube/Repository//Packs/STMicroelectronics/X-CUBE-MEMS1/11.1.0/Drivers/BSP/Components/lsm6dsl -Og -ffunction-sections -fdata-sections -Wall -fstack-usage -fcyclomatic-complexity -MMD -MP -MF"Core/Src/main.d" -MT"Core/Src/main.o" --specs=nano.specs -mfpu=fpv4-sp-d16 -mfloat-abi=hard -mthumb -o "Core/Src/main.o"
arm-none-eabi-gcc "../Core/Src/tim.c" -mcpu=cortex-m4 -std=gnu11 -g -DDEBUG -DUSE_HAL_DRIVER -DSTM32L476xx -c -I../Core/Inc -I../FATFS/Target -I../FATFS/App -IC:/Users/danie/STM32Cube/Repository/STM32Cube_FW_L4_V1.18.1/Drivers/STM32L4xx_HAL_Driver/Inc -IC:/Users/danie/STM32Cube/Repository/STM32Cube_FW_L4_V1.18.1/Drivers/STM32L4xx_HAL_Driver/Inc/Legacy -IC:/Users/danie/STM32Cube/Repository/STM32Cube_FW_L4_V1.18.1/Middlewares/Third_Party/FatFs/src -IC:/Users/danie/STM32Cube/Repository/STM32Cube_FW_L4_V1.18.1/Drivers/CMSIS/Device/ST/STM32L4xx/Include -IC:/Users/danie/STM32Cube/Repository/STM32Cube_FW_L4_V1.18.1/Drivers/CMSIS/Include -I../X-CUBE-MEMS1/Target -IC:/Users/danie/STM32Cube/Repository//Packs/STMicroelectronics/X-CUBE-MEMS1/11.1.0/Drivers/BSP/Components/lsm6dsl -Og -ffunction-sections -fdata-sections -Wall -fstack-usage -fcyclomatic-complexity -MMD -MP -MF"Core/Src/tim.d" -MT"Core/Src/tim.o" --specs=nano.specs -mfpu=fpv4-sp-d16 -mfloat-abi=hard -mthumb -o "Core/Src/tim.o"
../Core/Src/main.c: In function 'MEMS_Init_SPI_FIFO_Int':
../Core/Src/main.c:361:21: warning: assignment to 'LSM6DSL_WriteReg_Func' {aka 'long int (*)(short unsigned int,  short unsigned int,  unsigned char *, short unsigned int)'} from incompatible pointer type 'int32_t (*)(void *, uint8_t,  uint8_t *, uint16_t)' {aka 'long int (*)(void *, unsigned char,  unsigned char *, short unsigned int)'} [-Wincompatible-pointer-types]
  361 |     io_ctx.WriteReg = SPI_Send;
      |                     ^
../Core/Src/main.c:362:20: warning: assignment to 'LSM6DSL_ReadReg_Func' {aka 'long int (*)(short unsigned int,  short unsigned int,  unsigned char *, short unsigned int)'} from incompatible pointer type 'int32_t (*)(void *, uint8_t,  uint8_t *, uint16_t)' {aka 'long int (*)(void *, unsigned char,  unsigned char *, short unsigned int)'} [-Wincompatible-pointer-types]
  362 |     io_ctx.ReadReg = SPI_Recv;
      |                    ^
../Core/Src/main.c:353:11: warning: unused variable 'sens_a' [-Wunused-variable]
  353 |     float sens_a;
      |           ^~~~~~
arm-none-eabi-gcc -o "proyecto_1.elf" @"objects.list"   -mcpu=cortex-m4 -T"C:\Users\danie\OneDrive - Universidad Técnica Federico Santa María\Escritorio\u\IPD439\codigo\proyecto_1\STM32L476RGTX_FLASH.ld" --specs=nosys.specs -Wl,-Map="proyecto_1.map" -Wl,--gc-sections -static --specs=nano.specs -mfpu=fpv4-sp-d16 -mfloat-abi=hard -mthumb -u _printf_float -u _scanf_float -Wl,--start-group -lc -lm -Wl,--end-group
Finished building target: proyecto_1.elf
 
arm-none-eabi-size  proyecto_1.elf 
arm-none-eabi-objdump -h -S proyecto_1.elf  > "proyecto_1.list"
   text	   data	    bss	    dec	    hex	filename
  46832	    492	  11084	  58408	   e428	proyecto_1.elf
Finished building: default.size.stdout
 
Finished building: proyecto_1.list
 
16:36:31 **** Incremental Build of configuration Debug for project proyecto_1 ****
make -j4 all 
arm-none-eabi-gcc "../Core/Src/main.c" -mcpu=cortex-m4 -std=gnu11 -g -DDEBUG -DUSE_HAL_DRIVER -DSTM32L476xx -c -I../Core/Inc -I../FATFS/Target -I../FATFS/App -IC:/Users/danie/STM32Cube/Repository/STM32Cube_FW_L4_V1.18.1/Drivers/STM32L4xx_HAL_Driver/Inc -IC:/Users/danie/STM32Cube/Repository/STM32Cube_FW_L4_V1.18.1/Drivers/STM32L4xx_HAL_Driver/Inc/Legacy -IC:/Users/danie/STM32Cube/Repository/STM32Cube_FW_L4_V1.18.1/Middlewares/Third_Party/FatFs/src -IC:/Users/danie/STM32Cube/Repository/STM32Cube_FW_L4_V1.18.1/Drivers/CMSIS/Device/ST/STM32L4xx/Include -IC:/Users/danie/STM32Cube/Repository/STM32Cube_FW_L4_V1.18.1/Drivers/CMSIS/Include -I../X-CUBE-MEMS1/Target -IC:/Users/danie/STM32Cube/Repository//Packs/STMicroelectronics/X-CUBE-MEMS1/11.1.0/Drivers/BSP/Components/lsm6dsl -Og -ffunction-sections -fdata-sections -Wall -fstack-usage -fcyclomatic-complexity -MMD -MP -MF"Core/Src/main.d" -MT"Core/Src/main.o" --specs=nano.specs -mfpu=fpv4-sp-d16 -mfloat-abi=hard -mthumb -o "Core/Src/main.o"
../Core/Src/main.c: In function 'MEMS_Init_SPI_FIFO_Int':
../Core/Src/main.c:361:21: warning: assignment to 'LSM6DSL_WriteReg_Func' {aka 'long int (*)(short unsigned int,  short unsigned int,  unsigned char *, short unsigned int)'} from incompatible pointer type 'int32_t (*)(void *, uint8_t,  uint8_t *, uint16_t)' {aka 'long int (*)(void *, unsigned char,  unsigned char *, short unsigned int)'} [-Wincompatible-pointer-types]
  361 |     io_ctx.WriteReg = SPI_Send;
      |                     ^
../Core/Src/main.c:362:20: warning: assignment to 'LSM6DSL_ReadReg_Func' {aka 'long int (*)(short unsigned int,  short unsigned int,  unsigned char *, short unsigned int)'} from incompatible pointer type 'int32_t (*)(void *, uint8_t,  uint8_t *, uint16_t)' {aka 'long int (*)(void *, unsigned char,  unsigned char *, short unsigned int)'} [-Wincompatible-pointer-types]
  362 |     io_ctx.ReadReg = SPI_Recv;
      |                    ^
../Core/Src/main.c:353:11: warning: unused variable 'sens_a' [-Wunused-variable]
  353 |     float sens_a;
      |           ^~~~~~
arm-none-eabi-gcc -o "proyecto_1.elf" @"objects.list"   -mcpu=cortex-m4 -T"C:\Users\danie\OneDrive - Universidad Técnica Federico Santa María\Escritorio\u\IPD439\codigo\proyecto_1\STM32L476RGTX_FLASH.ld" --specs=nosys.specs -Wl,-Map="proyecto_1.map" -Wl,--gc-sections -static --specs=nano.specs -mfpu=fpv4-sp-d16 -mfloat-abi=hard -mthumb -u _printf_float -u _scanf_float -Wl,--start-group -lc -lm -Wl,--end-group
Finished building target: proyecto_1.elf
 
arm-none-eabi-size  proyecto_1.elf 
arm-none-eabi-objdump -h -S proyecto_1.elf  > "proyecto_1.list"
   text	   data	    bss	    dec	    hex	filename
  46616	    492	  11076	  58184	   e348	proyecto_1.elf
Finished building: default.size.stdout
 
Finished building: proyecto_1.list
 
16:39:36 **** Incremental Build of configuration Debug for project proyecto_1 ****
make -j4 all 
arm-none-eabi-gcc "../Core/Src/main.c" -mcpu=cortex-m4 -std=gnu11 -g -DDEBUG -DUSE_HAL_DRIVER -DSTM32L476xx -c -I../Core/Inc -I../FATFS/Target -I../FATFS/App -IC:/Users/danie/STM32Cube/Repository/STM32Cube_FW_L4_V1.18.1/Drivers/STM32L4xx_HAL_Driver/Inc -IC:/Users/danie/STM32Cube/Repository/STM32Cube_FW_L4_V1.18.1/Drivers/STM32L4xx_HAL_Driver/Inc/Legacy -IC:/Users/danie/STM32Cube/Repository/STM32Cube_FW_L4_V1.18.1/Middlewares/Third_Party/FatFs/src -IC:/Users/danie/STM32Cube/Repository/STM32Cube_FW_L4_V1.18.1/Drivers/CMSIS/Device/ST/STM32L4xx/Include -IC:/Users/danie/STM32Cube/Repository/STM32Cube_FW_L4_V1.18.1/Drivers/CMSIS/Include -I../X-CUBE-MEMS1/Target -IC:/Users/danie/STM32Cube/Repository//Packs/STMicroelectronics/X-CUBE-MEMS1/11.1.0/Drivers/BSP/Components/lsm6dsl -Og -ffunction-sections -fdata-sections -Wall -fstack-usage -fcyclomatic-complexity -MMD -MP -MF"Core/Src/main.d" -MT"Core/Src/main.o" --specs=nano.specs -mfpu=fpv4-sp-d16 -mfloat-abi=hard -mthumb -o "Core/Src/main.o"
../Core/Src/main.c: In function 'MEMS_Init_SPI_FIFO_Int':
../Core/Src/main.c:361:21: warning: assignment to 'LSM6DSL_WriteReg_Func' {aka 'long int (*)(short unsigned int,  short unsigned int,  unsigned char *, short unsigned int)'} from incompatible pointer type 'int32_t (*)(void *, uint8_t,  uint8_t *, uint16_t)' {aka 'long int (*)(void *, unsigned char,  unsigned char *, short unsigned int)'} [-Wincompatible-pointer-types]
  361 |     io_ctx.WriteReg = SPI_Send;
      |                     ^
../Core/Src/main.c:362:20: warning: assignment to 'LSM6DSL_ReadReg_Func' {aka 'long int (*)(short unsigned int,  short unsigned int,  unsigned char *, short unsigned int)'} from incompatible pointer type 'int32_t (*)(void *, uint8_t,  uint8_t *, uint16_t)' {aka 'long int (*)(void *, unsigned char,  unsigned char *, short unsigned int)'} [-Wincompatible-pointer-types]
  362 |     io_ctx.ReadReg = SPI_Recv;
      |                    ^
../Core/Src/main.c:353:11: warning: unused variable 'sens_a' [-Wunused-variable]
  353 |     float sens_a;
      |           ^~~~~~
arm-none-eabi-gcc -o "proyecto_1.elf" @"objects.list"   -mcpu=cortex-m4 -T"C:\Users\danie\OneDrive - Universidad Técnica Federico Santa María\Escritorio\u\IPD439\codigo\proyecto_1\STM32L476RGTX_FLASH.ld" --specs=nosys.specs -Wl,-Map="proyecto_1.map" -Wl,--gc-sections -static --specs=nano.specs -mfpu=fpv4-sp-d16 -mfloat-abi=hard -mthumb -u _printf_float -u _scanf_float -Wl,--start-group -lc -lm -Wl,--end-group
Finished building target: proyecto_1.elf
 
arm-none-eabi-size  proyecto_1.elf 
arm-none-eabi-objdump -h -S proyecto_1.elf  > "proyecto_1.list"
   text	   data	    bss	    dec	    hex	filename
  46832	    492	  11084	  58408	   e428	proyecto_1.elf
Finished building: default.size.stdout
 
Finished building: proyecto_1.list
 
16:43:58 **** Incremental Build of configuration Debug for project proyecto_1 ****
make -j4 all 
arm-none-eabi-gcc "../Core/Src/main.c" -mcpu=cortex-m4 -std=gnu11 -g -DDEBUG -DUSE_HAL_DRIVER -DSTM32L476xx -c -I../Core/Inc -I../FATFS/Target -I../FATFS/App -IC:/Users/danie/STM32Cube/Repository/STM32Cube_FW_L4_V1.18.1/Drivers/STM32L4xx_HAL_Driver/Inc -IC:/Users/danie/STM32Cube/Repository/STM32Cube_FW_L4_V1.18.1/Drivers/STM32L4xx_HAL_Driver/Inc/Legacy -IC:/Users/danie/STM32Cube/Repository/STM32Cube_FW_L4_V1.18.1/Middlewares/Third_Party/FatFs/src -IC:/Users/danie/STM32Cube/Repository/STM32Cube_FW_L4_V1.18.1/Drivers/CMSIS/Device/ST/STM32L4xx/Include -IC:/Users/danie/STM32Cube/Repository/STM32Cube_FW_L4_V1.18.1/Drivers/CMSIS/Include -I../X-CUBE-MEMS1/Target -IC:/Users/danie/STM32Cube/Repository//Packs/STMicroelectronics/X-CUBE-MEMS1/11.1.0/Drivers/BSP/Components/lsm6dsl -Og -ffunction-sections -fdata-sections -Wall -fstack-usage -fcyclomatic-complexity -MMD -MP -MF"Core/Src/main.d" -MT"Core/Src/main.o" --specs=nano.specs -mfpu=fpv4-sp-d16 -mfloat-abi=hard -mthumb -o "Core/Src/main.o"
arm-none-eabi-gcc "../Core/Src/tim.c" -mcpu=cortex-m4 -std=gnu11 -g -DDEBUG -DUSE_HAL_DRIVER -DSTM32L476xx -c -I../Core/Inc -I../FATFS/Target -I../FATFS/App -IC:/Users/danie/STM32Cube/Repository/STM32Cube_FW_L4_V1.18.1/Drivers/STM32L4xx_HAL_Driver/Inc -IC:/Users/danie/STM32Cube/Repository/STM32Cube_FW_L4_V1.18.1/Drivers/STM32L4xx_HAL_Driver/Inc/Legacy -IC:/Users/danie/STM32Cube/Repository/STM32Cube_FW_L4_V1.18.1/Middlewares/Third_Party/FatFs/src -IC:/Users/danie/STM32Cube/Repository/STM32Cube_FW_L4_V1.18.1/Drivers/CMSIS/Device/ST/STM32L4xx/Include -IC:/Users/danie/STM32Cube/Repository/STM32Cube_FW_L4_V1.18.1/Drivers/CMSIS/Include -I../X-CUBE-MEMS1/Target -IC:/Users/danie/STM32Cube/Repository//Packs/STMicroelectronics/X-CUBE-MEMS1/11.1.0/Drivers/BSP/Components/lsm6dsl -Og -ffunction-sections -fdata-sections -Wall -fstack-usage -fcyclomatic-complexity -MMD -MP -MF"Core/Src/tim.d" -MT"Core/Src/tim.o" --specs=nano.specs -mfpu=fpv4-sp-d16 -mfloat-abi=hard -mthumb -o "Core/Src/tim.o"
../Core/Src/main.c: In function 'MEMS_Init_SPI_FIFO_Int':
../Core/Src/main.c:361:21: warning: assignment to 'LSM6DSL_WriteReg_Func' {aka 'long int (*)(short unsigned int,  short unsigned int,  unsigned char *, short unsigned int)'} from incompatible pointer type 'int32_t (*)(void *, uint8_t,  uint8_t *, uint16_t)' {aka 'long int (*)(void *, unsigned char,  unsigned char *, short unsigned int)'} [-Wincompatible-pointer-types]
  361 |     io_ctx.WriteReg = SPI_Send;
      |                     ^
../Core/Src/main.c:362:20: warning: assignment to 'LSM6DSL_ReadReg_Func' {aka 'long int (*)(short unsigned int,  short unsigned int,  unsigned char *, short unsigned int)'} from incompatible pointer type 'int32_t (*)(void *, uint8_t,  uint8_t *, uint16_t)' {aka 'long int (*)(void *, unsigned char,  unsigned char *, short unsigned int)'} [-Wincompatible-pointer-types]
  362 |     io_ctx.ReadReg = SPI_Recv;
      |                    ^
../Core/Src/main.c:353:11: warning: unused variable 'sens_a' [-Wunused-variable]
  353 |     float sens_a;
      |           ^~~~~~
arm-none-eabi-gcc -o "proyecto_1.elf" @"objects.list"   -mcpu=cortex-m4 -T"C:\Users\danie\OneDrive - Universidad Técnica Federico Santa María\Escritorio\u\IPD439\codigo\proyecto_1\STM32L476RGTX_FLASH.ld" --specs=nosys.specs -Wl,-Map="proyecto_1.map" -Wl,--gc-sections -static --specs=nano.specs -mfpu=fpv4-sp-d16 -mfloat-abi=hard -mthumb -u _printf_float -u _scanf_float -Wl,--start-group -lc -lm -Wl,--end-group
Finished building target: proyecto_1.elf
 
arm-none-eabi-size  proyecto_1.elf 
arm-none-eabi-objdump -h -S proyecto_1.elf  > "proyecto_1.list"
   text	   data	    bss	    dec	    hex	filename
  46832	    492	  11084	  58408	   e428	proyecto_1.elf
Finished building: default.size.stdout
 
Finished building: proyecto_1.list
 
16:45:52 **** Incremental Build of configuration Debug for project proyecto_1 ****
make -j4 all 
arm-none-eabi-gcc "../Core/Src/main.c" -mcpu=cortex-m4 -std=gnu11 -g -DDEBUG -DUSE_HAL_DRIVER -DSTM32L476xx -c -I../Core/Inc -I../FATFS/Target -I../FATFS/App -IC:/Users/danie/STM32Cube/Repository/STM32Cube_FW_L4_V1.18.1/Drivers/STM32L4xx_HAL_Driver/Inc -IC:/Users/danie/STM32Cube/Repository/STM32Cube_FW_L4_V1.18.1/Drivers/STM32L4xx_HAL_Driver/Inc/Legacy -IC:/Users/danie/STM32Cube/Repository/STM32Cube_FW_L4_V1.18.1/Middlewares/Third_Party/FatFs/src -IC:/Users/danie/STM32Cube/Repository/STM32Cube_FW_L4_V1.18.1/Drivers/CMSIS/Device/ST/STM32L4xx/Include -IC:/Users/danie/STM32Cube/Repository/STM32Cube_FW_L4_V1.18.1/Drivers/CMSIS/Include -I../X-CUBE-MEMS1/Target -IC:/Users/danie/STM32Cube/Repository//Packs/STMicroelectronics/X-CUBE-MEMS1/11.1.0/Drivers/BSP/Components/lsm6dsl -Og -ffunction-sections -fdata-sections -Wall -fstack-usage -fcyclomatic-complexity -MMD -MP -MF"Core/Src/main.d" -MT"Core/Src/main.o" --specs=nano.specs -mfpu=fpv4-sp-d16 -mfloat-abi=hard -mthumb -o "Core/Src/main.o"
arm-none-eabi-gcc "../Core/Src/tim.c" -mcpu=cortex-m4 -std=gnu11 -g -DDEBUG -DUSE_HAL_DRIVER -DSTM32L476xx -c -I../Core/Inc -I../FATFS/Target -I../FATFS/App -IC:/Users/danie/STM32Cube/Repository/STM32Cube_FW_L4_V1.18.1/Drivers/STM32L4xx_HAL_Driver/Inc -IC:/Users/danie/STM32Cube/Repository/STM32Cube_FW_L4_V1.18.1/Drivers/STM32L4xx_HAL_Driver/Inc/Legacy -IC:/Users/danie/STM32Cube/Repository/STM32Cube_FW_L4_V1.18.1/Middlewares/Third_Party/FatFs/src -IC:/Users/danie/STM32Cube/Repository/STM32Cube_FW_L4_V1.18.1/Drivers/CMSIS/Device/ST/STM32L4xx/Include -IC:/Users/danie/STM32Cube/Repository/STM32Cube_FW_L4_V1.18.1/Drivers/CMSIS/Include -I../X-CUBE-MEMS1/Target -IC:/Users/danie/STM32Cube/Repository//Packs/STMicroelectronics/X-CUBE-MEMS1/11.1.0/Drivers/BSP/Components/lsm6dsl -Og -ffunction-sections -fdata-sections -Wall -fstack-usage -fcyclomatic-complexity -MMD -MP -MF"Core/Src/tim.d" -MT"Core/Src/tim.o" --specs=nano.specs -mfpu=fpv4-sp-d16 -mfloat-abi=hard -mthumb -o "Core/Src/tim.o"
../Core/Src/main.c: In function 'MEMS_Init_SPI_FIFO_Int':
../Core/Src/main.c:361:21: warning: assignment to 'LSM6DSL_WriteReg_Func' {aka 'long int (*)(short unsigned int,  short unsigned int,  unsigned char *, short unsigned int)'} from incompatible pointer type 'int32_t (*)(void *, uint8_t,  uint8_t *, uint16_t)' {aka 'long int (*)(void *, unsigned char,  unsigned char *, short unsigned int)'} [-Wincompatible-pointer-types]
  361 |     io_ctx.WriteReg = SPI_Send;
      |                     ^
../Core/Src/main.c:362:20: warning: assignment to 'LSM6DSL_ReadReg_Func' {aka 'long int (*)(short unsigned int,  short unsigned int,  unsigned char *, short unsigned int)'} from incompatible pointer type 'int32_t (*)(void *, uint8_t,  uint8_t *, uint16_t)' {aka 'long int (*)(void *, unsigned char,  unsigned char *, short unsigned int)'} [-Wincompatible-pointer-types]
  362 |     io_ctx.ReadReg = SPI_Recv;
      |                    ^
../Core/Src/main.c:353:11: warning: unused variable 'sens_a' [-Wunused-variable]
  353 |     float sens_a;
      |           ^~~~~~
arm-none-eabi-gcc -o "proyecto_1.elf" @"objects.list"   -mcpu=cortex-m4 -T"C:\Users\danie\OneDrive - Universidad Técnica Federico Santa María\Escritorio\u\IPD439\codigo\proyecto_1\STM32L476RGTX_FLASH.ld" --specs=nosys.specs -Wl,-Map="proyecto_1.map" -Wl,--gc-sections -static --specs=nano.specs -mfpu=fpv4-sp-d16 -mfloat-abi=hard -mthumb -u _printf_float -u _scanf_float -Wl,--start-group -lc -lm -Wl,--end-group
Finished building target: proyecto_1.elf
 
arm-none-eabi-size  proyecto_1.elf 
arm-none-eabi-objdump -h -S proyecto_1.elf  > "proyecto_1.list"
   text	   data	    bss	    dec	    hex	filename
  46832	    492	  11084	  58408	   e428	proyecto_1.elf
Finished building: default.size.stdout
 
Finished building: proyecto_1.list
 
16:48:53 **** Incremental Build of configuration Debug for project proyecto_1 ****
make -j4 all 
arm-none-eabi-gcc "../Core/Src/main.c" -mcpu=cortex-m4 -std=gnu11 -g -DDEBUG -DUSE_HAL_DRIVER -DSTM32L476xx -c -I../Core/Inc -I../FATFS/Target -I../FATFS/App -IC:/Users/danie/STM32Cube/Repository/STM32Cube_FW_L4_V1.18.1/Drivers/STM32L4xx_HAL_Driver/Inc -IC:/Users/danie/STM32Cube/Repository/STM32Cube_FW_L4_V1.18.1/Drivers/STM32L4xx_HAL_Driver/Inc/Legacy -IC:/Users/danie/STM32Cube/Repository/STM32Cube_FW_L4_V1.18.1/Middlewares/Third_Party/FatFs/src -IC:/Users/danie/STM32Cube/Repository/STM32Cube_FW_L4_V1.18.1/Drivers/CMSIS/Device/ST/STM32L4xx/Include -IC:/Users/danie/STM32Cube/Repository/STM32Cube_FW_L4_V1.18.1/Drivers/CMSIS/Include -I../X-CUBE-MEMS1/Target -IC:/Users/danie/STM32Cube/Repository//Packs/STMicroelectronics/X-CUBE-MEMS1/11.1.0/Drivers/BSP/Components/lsm6dsl -Og -ffunction-sections -fdata-sections -Wall -fstack-usage -fcyclomatic-complexity -MMD -MP -MF"Core/Src/main.d" -MT"Core/Src/main.o" --specs=nano.specs -mfpu=fpv4-sp-d16 -mfloat-abi=hard -mthumb -o "Core/Src/main.o"
arm-none-eabi-gcc "../Core/Src/tim.c" -mcpu=cortex-m4 -std=gnu11 -g -DDEBUG -DUSE_HAL_DRIVER -DSTM32L476xx -c -I../Core/Inc -I../FATFS/Target -I../FATFS/App -IC:/Users/danie/STM32Cube/Repository/STM32Cube_FW_L4_V1.18.1/Drivers/STM32L4xx_HAL_Driver/Inc -IC:/Users/danie/STM32Cube/Repository/STM32Cube_FW_L4_V1.18.1/Drivers/STM32L4xx_HAL_Driver/Inc/Legacy -IC:/Users/danie/STM32Cube/Repository/STM32Cube_FW_L4_V1.18.1/Middlewares/Third_Party/FatFs/src -IC:/Users/danie/STM32Cube/Repository/STM32Cube_FW_L4_V1.18.1/Drivers/CMSIS/Device/ST/STM32L4xx/Include -IC:/Users/danie/STM32Cube/Repository/STM32Cube_FW_L4_V1.18.1/Drivers/CMSIS/Include -I../X-CUBE-MEMS1/Target -IC:/Users/danie/STM32Cube/Repository//Packs/STMicroelectronics/X-CUBE-MEMS1/11.1.0/Drivers/BSP/Components/lsm6dsl -Og -ffunction-sections -fdata-sections -Wall -fstack-usage -fcyclomatic-complexity -MMD -MP -MF"Core/Src/tim.d" -MT"Core/Src/tim.o" --specs=nano.specs -mfpu=fpv4-sp-d16 -mfloat-abi=hard -mthumb -o "Core/Src/tim.o"
../Core/Src/main.c: In function 'MEMS_Init_SPI_FIFO_Int':
../Core/Src/main.c:361:21: warning: assignment to 'LSM6DSL_WriteReg_Func' {aka 'long int (*)(short unsigned int,  short unsigned int,  unsigned char *, short unsigned int)'} from incompatible pointer type 'int32_t (*)(void *, uint8_t,  uint8_t *, uint16_t)' {aka 'long int (*)(void *, unsigned char,  unsigned char *, short unsigned int)'} [-Wincompatible-pointer-types]
  361 |     io_ctx.WriteReg = SPI_Send;
      |                     ^
../Core/Src/main.c:362:20: warning: assignment to 'LSM6DSL_ReadReg_Func' {aka 'long int (*)(short unsigned int,  short unsigned int,  unsigned char *, short unsigned int)'} from incompatible pointer type 'int32_t (*)(void *, uint8_t,  uint8_t *, uint16_t)' {aka 'long int (*)(void *, unsigned char,  unsigned char *, short unsigned int)'} [-Wincompatible-pointer-types]
  362 |     io_ctx.ReadReg = SPI_Recv;
      |                    ^
../Core/Src/main.c:353:11: warning: unused variable 'sens_a' [-Wunused-variable]
  353 |     float sens_a;
      |           ^~~~~~
arm-none-eabi-gcc -o "proyecto_1.elf" @"objects.list"   -mcpu=cortex-m4 -T"C:\Users\danie\OneDrive - Universidad Técnica Federico Santa María\Escritorio\u\IPD439\codigo\proyecto_1\STM32L476RGTX_FLASH.ld" --specs=nosys.specs -Wl,-Map="proyecto_1.map" -Wl,--gc-sections -static --specs=nano.specs -mfpu=fpv4-sp-d16 -mfloat-abi=hard -mthumb -u _printf_float -u _scanf_float -Wl,--start-group -lc -lm -Wl,--end-group
Finished building target: proyecto_1.elf
 
arm-none-eabi-size  proyecto_1.elf 
arm-none-eabi-objdump -h -S proyecto_1.elf  > "proyecto_1.list"
   text	   data	    bss	    dec	    hex	filename
  46832	    492	  11084	  58408	   e428	proyecto_1.elf
Finished building: default.size.stdout
 
Finished building: proyecto_1.list
 
16:50:32 **** Incremental Build of configuration Debug for project proyecto_1 ****
make -j4 all 
arm-none-eabi-gcc "../Core/Src/main.c" -mcpu=cortex-m4 -std=gnu11 -g -DDEBUG -DUSE_HAL_DRIVER -DSTM32L476xx -c -I../Core/Inc -I../FATFS/Target -I../FATFS/App -IC:/Users/danie/STM32Cube/Repository/STM32Cube_FW_L4_V1.18.1/Drivers/STM32L4xx_HAL_Driver/Inc -IC:/Users/danie/STM32Cube/Repository/STM32Cube_FW_L4_V1.18.1/Drivers/STM32L4xx_HAL_Driver/Inc/Legacy -IC:/Users/danie/STM32Cube/Repository/STM32Cube_FW_L4_V1.18.1/Middlewares/Third_Party/FatFs/src -IC:/Users/danie/STM32Cube/Repository/STM32Cube_FW_L4_V1.18.1/Drivers/CMSIS/Device/ST/STM32L4xx/Include -IC:/Users/danie/STM32Cube/Repository/STM32Cube_FW_L4_V1.18.1/Drivers/CMSIS/Include -I../X-CUBE-MEMS1/Target -IC:/Users/danie/STM32Cube/Repository//Packs/STMicroelectronics/X-CUBE-MEMS1/11.1.0/Drivers/BSP/Components/lsm6dsl -Og -ffunction-sections -fdata-sections -Wall -fstack-usage -fcyclomatic-complexity -MMD -MP -MF"Core/Src/main.d" -MT"Core/Src/main.o" --specs=nano.specs -mfpu=fpv4-sp-d16 -mfloat-abi=hard -mthumb -o "Core/Src/main.o"
arm-none-eabi-gcc "../Core/Src/tim.c" -mcpu=cortex-m4 -std=gnu11 -g -DDEBUG -DUSE_HAL_DRIVER -DSTM32L476xx -c -I../Core/Inc -I../FATFS/Target -I../FATFS/App -IC:/Users/danie/STM32Cube/Repository/STM32Cube_FW_L4_V1.18.1/Drivers/STM32L4xx_HAL_Driver/Inc -IC:/Users/danie/STM32Cube/Repository/STM32Cube_FW_L4_V1.18.1/Drivers/STM32L4xx_HAL_Driver/Inc/Legacy -IC:/Users/danie/STM32Cube/Repository/STM32Cube_FW_L4_V1.18.1/Middlewares/Third_Party/FatFs/src -IC:/Users/danie/STM32Cube/Repository/STM32Cube_FW_L4_V1.18.1/Drivers/CMSIS/Device/ST/STM32L4xx/Include -IC:/Users/danie/STM32Cube/Repository/STM32Cube_FW_L4_V1.18.1/Drivers/CMSIS/Include -I../X-CUBE-MEMS1/Target -IC:/Users/danie/STM32Cube/Repository//Packs/STMicroelectronics/X-CUBE-MEMS1/11.1.0/Drivers/BSP/Components/lsm6dsl -Og -ffunction-sections -fdata-sections -Wall -fstack-usage -fcyclomatic-complexity -MMD -MP -MF"Core/Src/tim.d" -MT"Core/Src/tim.o" --specs=nano.specs -mfpu=fpv4-sp-d16 -mfloat-abi=hard -mthumb -o "Core/Src/tim.o"
../Core/Src/main.c: In function 'MEMS_Init_SPI_FIFO_Int':
../Core/Src/main.c:361:21: warning: assignment to 'LSM6DSL_WriteReg_Func' {aka 'long int (*)(short unsigned int,  short unsigned int,  unsigned char *, short unsigned int)'} from incompatible pointer type 'int32_t (*)(void *, uint8_t,  uint8_t *, uint16_t)' {aka 'long int (*)(void *, unsigned char,  unsigned char *, short unsigned int)'} [-Wincompatible-pointer-types]
  361 |     io_ctx.WriteReg = SPI_Send;
      |                     ^
../Core/Src/main.c:362:20: warning: assignment to 'LSM6DSL_ReadReg_Func' {aka 'long int (*)(short unsigned int,  short unsigned int,  unsigned char *, short unsigned int)'} from incompatible pointer type 'int32_t (*)(void *, uint8_t,  uint8_t *, uint16_t)' {aka 'long int (*)(void *, unsigned char,  unsigned char *, short unsigned int)'} [-Wincompatible-pointer-types]
  362 |     io_ctx.ReadReg = SPI_Recv;
      |                    ^
../Core/Src/main.c:353:11: warning: unused variable 'sens_a' [-Wunused-variable]
  353 |     float sens_a;
      |           ^~~~~~
arm-none-eabi-gcc -o "proyecto_1.elf" @"objects.list"   -mcpu=cortex-m4 -T"C:\Users\danie\OneDrive - Universidad Técnica Federico Santa María\Escritorio\u\IPD439\codigo\proyecto_1\STM32L476RGTX_FLASH.ld" --specs=nosys.specs -Wl,-Map="proyecto_1.map" -Wl,--gc-sections -static --specs=nano.specs -mfpu=fpv4-sp-d16 -mfloat-abi=hard -mthumb -u _printf_float -u _scanf_float -Wl,--start-group -lc -lm -Wl,--end-group
Finished building target: proyecto_1.elf
 
arm-none-eabi-size  proyecto_1.elf 
arm-none-eabi-objdump -h -S proyecto_1.elf  > "proyecto_1.list"
   text	   data	    bss	    dec	    hex	filename
  46832	    492	  11084	  58408	   e428	proyecto_1.elf
Finished building: default.size.stdout
 
Finished building: proyecto_1.list
 
16:53:02 **** Incremental Build of configuration Debug for project proyecto_1 ****
make -j4 all 
arm-none-eabi-gcc "../Core/Src/main.c" -mcpu=cortex-m4 -std=gnu11 -g -DDEBUG -DUSE_HAL_DRIVER -DSTM32L476xx -c -I../Core/Inc -I../FATFS/Target -I../FATFS/App -IC:/Users/danie/STM32Cube/Repository/STM32Cube_FW_L4_V1.18.1/Drivers/STM32L4xx_HAL_Driver/Inc -IC:/Users/danie/STM32Cube/Repository/STM32Cube_FW_L4_V1.18.1/Drivers/STM32L4xx_HAL_Driver/Inc/Legacy -IC:/Users/danie/STM32Cube/Repository/STM32Cube_FW_L4_V1.18.1/Middlewares/Third_Party/FatFs/src -IC:/Users/danie/STM32Cube/Repository/STM32Cube_FW_L4_V1.18.1/Drivers/CMSIS/Device/ST/STM32L4xx/Include -IC:/Users/danie/STM32Cube/Repository/STM32Cube_FW_L4_V1.18.1/Drivers/CMSIS/Include -I../X-CUBE-MEMS1/Target -IC:/Users/danie/STM32Cube/Repository//Packs/STMicroelectronics/X-CUBE-MEMS1/11.1.0/Drivers/BSP/Components/lsm6dsl -Og -ffunction-sections -fdata-sections -Wall -fstack-usage -fcyclomatic-complexity -MMD -MP -MF"Core/Src/main.d" -MT"Core/Src/main.o" --specs=nano.specs -mfpu=fpv4-sp-d16 -mfloat-abi=hard -mthumb -o "Core/Src/main.o"
arm-none-eabi-gcc "../Core/Src/tim.c" -mcpu=cortex-m4 -std=gnu11 -g -DDEBUG -DUSE_HAL_DRIVER -DSTM32L476xx -c -I../Core/Inc -I../FATFS/Target -I../FATFS/App -IC:/Users/danie/STM32Cube/Repository/STM32Cube_FW_L4_V1.18.1/Drivers/STM32L4xx_HAL_Driver/Inc -IC:/Users/danie/STM32Cube/Repository/STM32Cube_FW_L4_V1.18.1/Drivers/STM32L4xx_HAL_Driver/Inc/Legacy -IC:/Users/danie/STM32Cube/Repository/STM32Cube_FW_L4_V1.18.1/Middlewares/Third_Party/FatFs/src -IC:/Users/danie/STM32Cube/Repository/STM32Cube_FW_L4_V1.18.1/Drivers/CMSIS/Device/ST/STM32L4xx/Include -IC:/Users/danie/STM32Cube/Repository/STM32Cube_FW_L4_V1.18.1/Drivers/CMSIS/Include -I../X-CUBE-MEMS1/Target -IC:/Users/danie/STM32Cube/Repository//Packs/STMicroelectronics/X-CUBE-MEMS1/11.1.0/Drivers/BSP/Components/lsm6dsl -Og -ffunction-sections -fdata-sections -Wall -fstack-usage -fcyclomatic-complexity -MMD -MP -MF"Core/Src/tim.d" -MT"Core/Src/tim.o" --specs=nano.specs -mfpu=fpv4-sp-d16 -mfloat-abi=hard -mthumb -o "Core/Src/tim.o"
../Core/Src/main.c: In function 'MEMS_Init_SPI_FIFO_Int':
../Core/Src/main.c:361:21: warning: assignment to 'LSM6DSL_WriteReg_Func' {aka 'long int (*)(short unsigned int,  short unsigned int,  unsigned char *, short unsigned int)'} from incompatible pointer type 'int32_t (*)(void *, uint8_t,  uint8_t *, uint16_t)' {aka 'long int (*)(void *, unsigned char,  unsigned char *, short unsigned int)'} [-Wincompatible-pointer-types]
  361 |     io_ctx.WriteReg = SPI_Send;
      |                     ^
../Core/Src/main.c:362:20: warning: assignment to 'LSM6DSL_ReadReg_Func' {aka 'long int (*)(short unsigned int,  short unsigned int,  unsigned char *, short unsigned int)'} from incompatible pointer type 'int32_t (*)(void *, uint8_t,  uint8_t *, uint16_t)' {aka 'long int (*)(void *, unsigned char,  unsigned char *, short unsigned int)'} [-Wincompatible-pointer-types]
  362 |     io_ctx.ReadReg = SPI_Recv;
      |                    ^
../Core/Src/main.c:353:11: warning: unused variable 'sens_a' [-Wunused-variable]
  353 |     float sens_a;
      |           ^~~~~~
arm-none-eabi-gcc -o "proyecto_1.elf" @"objects.list"   -mcpu=cortex-m4 -T"C:\Users\danie\OneDrive - Universidad Técnica Federico Santa María\Escritorio\u\IPD439\codigo\proyecto_1\STM32L476RGTX_FLASH.ld" --specs=nosys.specs -Wl,-Map="proyecto_1.map" -Wl,--gc-sections -static --specs=nano.specs -mfpu=fpv4-sp-d16 -mfloat-abi=hard -mthumb -u _printf_float -u _scanf_float -Wl,--start-group -lc -lm -Wl,--end-group
Finished building target: proyecto_1.elf
 
arm-none-eabi-size  proyecto_1.elf 
arm-none-eabi-objdump -h -S proyecto_1.elf  > "proyecto_1.list"
   text	   data	    bss	    dec	    hex	filename
  46832	    492	  11084	  58408	   e428	proyecto_1.elf
Finished building: default.size.stdout
 
Finished building: proyecto_1.list
 
16:55:17 **** Incremental Build of configuration Debug for project proyecto_1 ****
make -j4 all 
arm-none-eabi-gcc "../Core/Src/main.c" -mcpu=cortex-m4 -std=gnu11 -g -DDEBUG -DUSE_HAL_DRIVER -DSTM32L476xx -c -I../Core/Inc -I../FATFS/Target -I../FATFS/App -IC:/Users/danie/STM32Cube/Repository/STM32Cube_FW_L4_V1.18.1/Drivers/STM32L4xx_HAL_Driver/Inc -IC:/Users/danie/STM32Cube/Repository/STM32Cube_FW_L4_V1.18.1/Drivers/STM32L4xx_HAL_Driver/Inc/Legacy -IC:/Users/danie/STM32Cube/Repository/STM32Cube_FW_L4_V1.18.1/Middlewares/Third_Party/FatFs/src -IC:/Users/danie/STM32Cube/Repository/STM32Cube_FW_L4_V1.18.1/Drivers/CMSIS/Device/ST/STM32L4xx/Include -IC:/Users/danie/STM32Cube/Repository/STM32Cube_FW_L4_V1.18.1/Drivers/CMSIS/Include -I../X-CUBE-MEMS1/Target -IC:/Users/danie/STM32Cube/Repository//Packs/STMicroelectronics/X-CUBE-MEMS1/11.1.0/Drivers/BSP/Components/lsm6dsl -Og -ffunction-sections -fdata-sections -Wall -fstack-usage -fcyclomatic-complexity -MMD -MP -MF"Core/Src/main.d" -MT"Core/Src/main.o" --specs=nano.specs -mfpu=fpv4-sp-d16 -mfloat-abi=hard -mthumb -o "Core/Src/main.o"
arm-none-eabi-gcc "../Core/Src/tim.c" -mcpu=cortex-m4 -std=gnu11 -g -DDEBUG -DUSE_HAL_DRIVER -DSTM32L476xx -c -I../Core/Inc -I../FATFS/Target -I../FATFS/App -IC:/Users/danie/STM32Cube/Repository/STM32Cube_FW_L4_V1.18.1/Drivers/STM32L4xx_HAL_Driver/Inc -IC:/Users/danie/STM32Cube/Repository/STM32Cube_FW_L4_V1.18.1/Drivers/STM32L4xx_HAL_Driver/Inc/Legacy -IC:/Users/danie/STM32Cube/Repository/STM32Cube_FW_L4_V1.18.1/Middlewares/Third_Party/FatFs/src -IC:/Users/danie/STM32Cube/Repository/STM32Cube_FW_L4_V1.18.1/Drivers/CMSIS/Device/ST/STM32L4xx/Include -IC:/Users/danie/STM32Cube/Repository/STM32Cube_FW_L4_V1.18.1/Drivers/CMSIS/Include -I../X-CUBE-MEMS1/Target -IC:/Users/danie/STM32Cube/Repository//Packs/STMicroelectronics/X-CUBE-MEMS1/11.1.0/Drivers/BSP/Components/lsm6dsl -Og -ffunction-sections -fdata-sections -Wall -fstack-usage -fcyclomatic-complexity -MMD -MP -MF"Core/Src/tim.d" -MT"Core/Src/tim.o" --specs=nano.specs -mfpu=fpv4-sp-d16 -mfloat-abi=hard -mthumb -o "Core/Src/tim.o"
../Core/Src/main.c: In function 'MEMS_Init_SPI_FIFO_Int':
../Core/Src/main.c:361:21: warning: assignment to 'LSM6DSL_WriteReg_Func' {aka 'long int (*)(short unsigned int,  short unsigned int,  unsigned char *, short unsigned int)'} from incompatible pointer type 'int32_t (*)(void *, uint8_t,  uint8_t *, uint16_t)' {aka 'long int (*)(void *, unsigned char,  unsigned char *, short unsigned int)'} [-Wincompatible-pointer-types]
  361 |     io_ctx.WriteReg = SPI_Send;
      |                     ^
../Core/Src/main.c:362:20: warning: assignment to 'LSM6DSL_ReadReg_Func' {aka 'long int (*)(short unsigned int,  short unsigned int,  unsigned char *, short unsigned int)'} from incompatible pointer type 'int32_t (*)(void *, uint8_t,  uint8_t *, uint16_t)' {aka 'long int (*)(void *, unsigned char,  unsigned char *, short unsigned int)'} [-Wincompatible-pointer-types]
  362 |     io_ctx.ReadReg = SPI_Recv;
      |                    ^
../Core/Src/main.c:353:11: warning: unused variable 'sens_a' [-Wunused-variable]
  353 |     float sens_a;
      |           ^~~~~~
arm-none-eabi-gcc -o "proyecto_1.elf" @"objects.list"   -mcpu=cortex-m4 -T"C:\Users\danie\OneDrive - Universidad Técnica Federico Santa María\Escritorio\u\IPD439\codigo\proyecto_1\STM32L476RGTX_FLASH.ld" --specs=nosys.specs -Wl,-Map="proyecto_1.map" -Wl,--gc-sections -static --specs=nano.specs -mfpu=fpv4-sp-d16 -mfloat-abi=hard -mthumb -u _printf_float -u _scanf_float -Wl,--start-group -lc -lm -Wl,--end-group
Finished building target: proyecto_1.elf
 
arm-none-eabi-size  proyecto_1.elf 
arm-none-eabi-objdump -h -S proyecto_1.elf  > "proyecto_1.list"
   text	   data	    bss	    dec	    hex	filename
  46832	    492	  11084	  58408	   e428	proyecto_1.elf
Finished building: default.size.stdout
 
Finished building: proyecto_1.list
 
16:56:32 **** Incremental Build of configuration Debug for project proyecto_1 ****
make -j4 all 
arm-none-eabi-gcc "../Core/Src/main.c" -mcpu=cortex-m4 -std=gnu11 -g -DDEBUG -DUSE_HAL_DRIVER -DSTM32L476xx -c -I../Core/Inc -I../FATFS/Target -I../FATFS/App -IC:/Users/danie/STM32Cube/Repository/STM32Cube_FW_L4_V1.18.1/Drivers/STM32L4xx_HAL_Driver/Inc -IC:/Users/danie/STM32Cube/Repository/STM32Cube_FW_L4_V1.18.1/Drivers/STM32L4xx_HAL_Driver/Inc/Legacy -IC:/Users/danie/STM32Cube/Repository/STM32Cube_FW_L4_V1.18.1/Middlewares/Third_Party/FatFs/src -IC:/Users/danie/STM32Cube/Repository/STM32Cube_FW_L4_V1.18.1/Drivers/CMSIS/Device/ST/STM32L4xx/Include -IC:/Users/danie/STM32Cube/Repository/STM32Cube_FW_L4_V1.18.1/Drivers/CMSIS/Include -I../X-CUBE-MEMS1/Target -IC:/Users/danie/STM32Cube/Repository//Packs/STMicroelectronics/X-CUBE-MEMS1/11.1.0/Drivers/BSP/Components/lsm6dsl -Og -ffunction-sections -fdata-sections -Wall -fstack-usage -fcyclomatic-complexity -MMD -MP -MF"Core/Src/main.d" -MT"Core/Src/main.o" --specs=nano.specs -mfpu=fpv4-sp-d16 -mfloat-abi=hard -mthumb -o "Core/Src/main.o"
arm-none-eabi-gcc "../Core/Src/tim.c" -mcpu=cortex-m4 -std=gnu11 -g -DDEBUG -DUSE_HAL_DRIVER -DSTM32L476xx -c -I../Core/Inc -I../FATFS/Target -I../FATFS/App -IC:/Users/danie/STM32Cube/Repository/STM32Cube_FW_L4_V1.18.1/Drivers/STM32L4xx_HAL_Driver/Inc -IC:/Users/danie/STM32Cube/Repository/STM32Cube_FW_L4_V1.18.1/Drivers/STM32L4xx_HAL_Driver/Inc/Legacy -IC:/Users/danie/STM32Cube/Repository/STM32Cube_FW_L4_V1.18.1/Middlewares/Third_Party/FatFs/src -IC:/Users/danie/STM32Cube/Repository/STM32Cube_FW_L4_V1.18.1/Drivers/CMSIS/Device/ST/STM32L4xx/Include -IC:/Users/danie/STM32Cube/Repository/STM32Cube_FW_L4_V1.18.1/Drivers/CMSIS/Include -I../X-CUBE-MEMS1/Target -IC:/Users/danie/STM32Cube/Repository//Packs/STMicroelectronics/X-CUBE-MEMS1/11.1.0/Drivers/BSP/Components/lsm6dsl -Og -ffunction-sections -fdata-sections -Wall -fstack-usage -fcyclomatic-complexity -MMD -MP -MF"Core/Src/tim.d" -MT"Core/Src/tim.o" --specs=nano.specs -mfpu=fpv4-sp-d16 -mfloat-abi=hard -mthumb -o "Core/Src/tim.o"
../Core/Src/main.c: In function 'MEMS_Init_SPI_FIFO_Int':
../Core/Src/main.c:361:21: warning: assignment to 'LSM6DSL_WriteReg_Func' {aka 'long int (*)(short unsigned int,  short unsigned int,  unsigned char *, short unsigned int)'} from incompatible pointer type 'int32_t (*)(void *, uint8_t,  uint8_t *, uint16_t)' {aka 'long int (*)(void *, unsigned char,  unsigned char *, short unsigned int)'} [-Wincompatible-pointer-types]
  361 |     io_ctx.WriteReg = SPI_Send;
      |                     ^
../Core/Src/main.c:362:20: warning: assignment to 'LSM6DSL_ReadReg_Func' {aka 'long int (*)(short unsigned int,  short unsigned int,  unsigned char *, short unsigned int)'} from incompatible pointer type 'int32_t (*)(void *, uint8_t,  uint8_t *, uint16_t)' {aka 'long int (*)(void *, unsigned char,  unsigned char *, short unsigned int)'} [-Wincompatible-pointer-types]
  362 |     io_ctx.ReadReg = SPI_Recv;
      |                    ^
../Core/Src/main.c:353:11: warning: unused variable 'sens_a' [-Wunused-variable]
  353 |     float sens_a;
      |           ^~~~~~
arm-none-eabi-gcc -o "proyecto_1.elf" @"objects.list"   -mcpu=cortex-m4 -T"C:\Users\danie\OneDrive - Universidad Técnica Federico Santa María\Escritorio\u\IPD439\codigo\proyecto_1\STM32L476RGTX_FLASH.ld" --specs=nosys.specs -Wl,-Map="proyecto_1.map" -Wl,--gc-sections -static --specs=nano.specs -mfpu=fpv4-sp-d16 -mfloat-abi=hard -mthumb -u _printf_float -u _scanf_float -Wl,--start-group -lc -lm -Wl,--end-group
Finished building target: proyecto_1.elf
 
arm-none-eabi-size  proyecto_1.elf 
arm-none-eabi-objdump -h -S proyecto_1.elf  > "proyecto_1.list"
   text	   data	    bss	    dec	    hex	filename
  46832	    492	  11084	  58408	   e428	proyecto_1.elf
Finished building: default.size.stdout
 
Finished building: proyecto_1.list
 
