15:26:50 **** Incremental Build of configuration Debug for project sd_dma ****
make -j4 all 
arm-none-eabi-gcc "../Core/Src/dma.c" -mcpu=cortex-m4 -std=gnu11 -g3 -DDEBUG -DUSE_HAL_DRIVER -DSTM32L476xx -c -I../Core/Inc -IC:/Users/danie/STM32Cube/Repository/STM32Cube_FW_L4_V1.18.1/Drivers/STM32L4xx_HAL_Driver/Inc -IC:/Users/danie/STM32Cube/Repository/STM32Cube_FW_L4_V1.18.1/Drivers/STM32L4xx_HAL_Driver/Inc/Legacy -IC:/Users/danie/STM32Cube/Repository/STM32Cube_FW_L4_V1.18.1/Drivers/CMSIS/Device/ST/STM32L4xx/Include -IC:/Users/danie/STM32Cube/Repository/STM32Cube_FW_L4_V1.18.1/Drivers/CMSIS/Include -I../FATFS/Target -I../FATFS/App -IC:/Users/danie/STM32Cube/Repository/STM32Cube_FW_L4_V1.18.1/Middlewares/Third_Party/FatFs/src -O0 -ffunction-sections -fdata-sections -Wall -fstack-usage -fcyclomatic-complexity -MMD -MP -MF"Core/Src/dma.d" -MT"Core/Src/dma.o" --specs=nano.specs -mfpu=fpv4-sp-d16 -mfloat-abi=hard -mthumb -o "Core/Src/dma.o"
arm-none-eabi-gcc "../Core/Src/gpio.c" -mcpu=cortex-m4 -std=gnu11 -g3 -DDEBUG -DUSE_HAL_DRIVER -DSTM32L476xx -c -I../Core/Inc -IC:/Users/danie/STM32Cube/Repository/STM32Cube_FW_L4_V1.18.1/Drivers/STM32L4xx_HAL_Driver/Inc -IC:/Users/danie/STM32Cube/Repository/STM32Cube_FW_L4_V1.18.1/Drivers/STM32L4xx_HAL_Driver/Inc/Legacy -IC:/Users/danie/STM32Cube/Repository/STM32Cube_FW_L4_V1.18.1/Drivers/CMSIS/Device/ST/STM32L4xx/Include -IC:/Users/danie/STM32Cube/Repository/STM32Cube_FW_L4_V1.18.1/Drivers/CMSIS/Include -I../FATFS/Target -I../FATFS/App -IC:/Users/danie/STM32Cube/Repository/STM32Cube_FW_L4_V1.18.1/Middlewares/Third_Party/FatFs/src -O0 -ffunction-sections -fdata-sections -Wall -fstack-usage -fcyclomatic-complexity -MMD -MP -MF"Core/Src/gpio.d" -MT"Core/Src/gpio.o" --specs=nano.specs -mfpu=fpv4-sp-d16 -mfloat-abi=hard -mthumb -o "Core/Src/gpio.o"
arm-none-eabi-gcc "../Core/Src/main.c" -mcpu=cortex-m4 -std=gnu11 -g3 -DDEBUG -DUSE_HAL_DRIVER -DSTM32L476xx -c -I../Core/Inc -IC:/Users/danie/STM32Cube/Repository/STM32Cube_FW_L4_V1.18.1/Drivers/STM32L4xx_HAL_Driver/Inc -IC:/Users/danie/STM32Cube/Repository/STM32Cube_FW_L4_V1.18.1/Drivers/STM32L4xx_HAL_Driver/Inc/Legacy -IC:/Users/danie/STM32Cube/Repository/STM32Cube_FW_L4_V1.18.1/Drivers/CMSIS/Device/ST/STM32L4xx/Include -IC:/Users/danie/STM32Cube/Repository/STM32Cube_FW_L4_V1.18.1/Drivers/CMSIS/Include -I../FATFS/Target -I../FATFS/App -IC:/Users/danie/STM32Cube/Repository/STM32Cube_FW_L4_V1.18.1/Middlewares/Third_Party/FatFs/src -O0 -ffunction-sections -fdata-sections -Wall -fstack-usage -fcyclomatic-complexity -MMD -MP -MF"Core/Src/main.d" -MT"Core/Src/main.o" --specs=nano.specs -mfpu=fpv4-sp-d16 -mfloat-abi=hard -mthumb -o "Core/Src/main.o"
arm-none-eabi-gcc "../Core/Src/sd_functions.c" -mcpu=cortex-m4 -std=gnu11 -g3 -DDEBUG -DUSE_HAL_DRIVER -DSTM32L476xx -c -I../Core/Inc -IC:/Users/danie/STM32Cube/Repository/STM32Cube_FW_L4_V1.18.1/Drivers/STM32L4xx_HAL_Driver/Inc -IC:/Users/danie/STM32Cube/Repository/STM32Cube_FW_L4_V1.18.1/Drivers/STM32L4xx_HAL_Driver/Inc/Legacy -IC:/Users/danie/STM32Cube/Repository/STM32Cube_FW_L4_V1.18.1/Drivers/CMSIS/Device/ST/STM32L4xx/Include -IC:/Users/danie/STM32Cube/Repository/STM32Cube_FW_L4_V1.18.1/Drivers/CMSIS/Include -I../FATFS/Target -I../FATFS/App -IC:/Users/danie/STM32Cube/Repository/STM32Cube_FW_L4_V1.18.1/Middlewares/Third_Party/FatFs/src -O0 -ffunction-sections -fdata-sections -Wall -fstack-usage -fcyclomatic-complexity -MMD -MP -MF"Core/Src/sd_functions.d" -MT"Core/Src/sd_functions.o" --specs=nano.specs -mfpu=fpv4-sp-d16 -mfloat-abi=hard -mthumb -o "Core/Src/sd_functions.o"
../Core/Src/sd_functions.c: In function 'SPI_TxBuffer':
../Core/Src/sd_functions.c:68:9: warning: implicit declaration of function 'printf' [-Wimplicit-function-declaration]
   68 |         printf("niggers\n"); // Esperar a que la transferencia DMA termine
      |         ^~~~~~
../Core/Src/sd_functions.c:10:1: note: include '<stdio.h>' or provide a declaration of 'printf'
    9 | #include "fatfs.h"
  +++ |+#include <stdio.h>
   10 | #include "ff.h"
../Core/Src/sd_functions.c:68:9: warning: incompatible implicit declaration of built-in function 'printf' [-Wbuiltin-declaration-mismatch]
   68 |         printf("niggers\n"); // Esperar a que la transferencia DMA termine
      |         ^~~~~~
../Core/Src/sd_functions.c:68:9: note: include '<stdio.h>' or provide a declaration of 'printf'
arm-none-eabi-gcc "../Core/Src/spi.c" -mcpu=cortex-m4 -std=gnu11 -g3 -DDEBUG -DUSE_HAL_DRIVER -DSTM32L476xx -c -I../Core/Inc -IC:/Users/danie/STM32Cube/Repository/STM32Cube_FW_L4_V1.18.1/Drivers/STM32L4xx_HAL_Driver/Inc -IC:/Users/danie/STM32Cube/Repository/STM32Cube_FW_L4_V1.18.1/Drivers/STM32L4xx_HAL_Driver/Inc/Legacy -IC:/Users/danie/STM32Cube/Repository/STM32Cube_FW_L4_V1.18.1/Drivers/CMSIS/Device/ST/STM32L4xx/Include -IC:/Users/danie/STM32Cube/Repository/STM32Cube_FW_L4_V1.18.1/Drivers/CMSIS/Include -I../FATFS/Target -I../FATFS/App -IC:/Users/danie/STM32Cube/Repository/STM32Cube_FW_L4_V1.18.1/Middlewares/Third_Party/FatFs/src -O0 -ffunction-sections -fdata-sections -Wall -fstack-usage -fcyclomatic-complexity -MMD -MP -MF"Core/Src/spi.d" -MT"Core/Src/spi.o" --specs=nano.specs -mfpu=fpv4-sp-d16 -mfloat-abi=hard -mthumb -o "Core/Src/spi.o"
arm-none-eabi-gcc "../Core/Src/stm32l4xx_hal_msp.c" -mcpu=cortex-m4 -std=gnu11 -g3 -DDEBUG -DUSE_HAL_DRIVER -DSTM32L476xx -c -I../Core/Inc -IC:/Users/danie/STM32Cube/Repository/STM32Cube_FW_L4_V1.18.1/Drivers/STM32L4xx_HAL_Driver/Inc -IC:/Users/danie/STM32Cube/Repository/STM32Cube_FW_L4_V1.18.1/Drivers/STM32L4xx_HAL_Driver/Inc/Legacy -IC:/Users/danie/STM32Cube/Repository/STM32Cube_FW_L4_V1.18.1/Drivers/CMSIS/Device/ST/STM32L4xx/Include -IC:/Users/danie/STM32Cube/Repository/STM32Cube_FW_L4_V1.18.1/Drivers/CMSIS/Include -I../FATFS/Target -I../FATFS/App -IC:/Users/danie/STM32Cube/Repository/STM32Cube_FW_L4_V1.18.1/Middlewares/Third_Party/FatFs/src -O0 -ffunction-sections -fdata-sections -Wall -fstack-usage -fcyclomatic-complexity -MMD -MP -MF"Core/Src/stm32l4xx_hal_msp.d" -MT"Core/Src/stm32l4xx_hal_msp.o" --specs=nano.specs -mfpu=fpv4-sp-d16 -mfloat-abi=hard -mthumb -o "Core/Src/stm32l4xx_hal_msp.o"
arm-none-eabi-gcc "../Core/Src/stm32l4xx_hal_timebase_tim.c" -mcpu=cortex-m4 -std=gnu11 -g3 -DDEBUG -DUSE_HAL_DRIVER -DSTM32L476xx -c -I../Core/Inc -IC:/Users/danie/STM32Cube/Repository/STM32Cube_FW_L4_V1.18.1/Drivers/STM32L4xx_HAL_Driver/Inc -IC:/Users/danie/STM32Cube/Repository/STM32Cube_FW_L4_V1.18.1/Drivers/STM32L4xx_HAL_Driver/Inc/Legacy -IC:/Users/danie/STM32Cube/Repository/STM32Cube_FW_L4_V1.18.1/Drivers/CMSIS/Device/ST/STM32L4xx/Include -IC:/Users/danie/STM32Cube/Repository/STM32Cube_FW_L4_V1.18.1/Drivers/CMSIS/Include -I../FATFS/Target -I../FATFS/App -IC:/Users/danie/STM32Cube/Repository/STM32Cube_FW_L4_V1.18.1/Middlewares/Third_Party/FatFs/src -O0 -ffunction-sections -fdata-sections -Wall -fstack-usage -fcyclomatic-complexity -MMD -MP -MF"Core/Src/stm32l4xx_hal_timebase_tim.d" -MT"Core/Src/stm32l4xx_hal_timebase_tim.o" --specs=nano.specs -mfpu=fpv4-sp-d16 -mfloat-abi=hard -mthumb -o "Core/Src/stm32l4xx_hal_timebase_tim.o"
arm-none-eabi-gcc "../Core/Src/stm32l4xx_it.c" -mcpu=cortex-m4 -std=gnu11 -g3 -DDEBUG -DUSE_HAL_DRIVER -DSTM32L476xx -c -I../Core/Inc -IC:/Users/danie/STM32Cube/Repository/STM32Cube_FW_L4_V1.18.1/Drivers/STM32L4xx_HAL_Driver/Inc -IC:/Users/danie/STM32Cube/Repository/STM32Cube_FW_L4_V1.18.1/Drivers/STM32L4xx_HAL_Driver/Inc/Legacy -IC:/Users/danie/STM32Cube/Repository/STM32Cube_FW_L4_V1.18.1/Drivers/CMSIS/Device/ST/STM32L4xx/Include -IC:/Users/danie/STM32Cube/Repository/STM32Cube_FW_L4_V1.18.1/Drivers/CMSIS/Include -I../FATFS/Target -I../FATFS/App -IC:/Users/danie/STM32Cube/Repository/STM32Cube_FW_L4_V1.18.1/Middlewares/Third_Party/FatFs/src -O0 -ffunction-sections -fdata-sections -Wall -fstack-usage -fcyclomatic-complexity -MMD -MP -MF"Core/Src/stm32l4xx_it.d" -MT"Core/Src/stm32l4xx_it.o" --specs=nano.specs -mfpu=fpv4-sp-d16 -mfloat-abi=hard -mthumb -o "Core/Src/stm32l4xx_it.o"
arm-none-eabi-gcc "../Core/Src/syscalls.c" -mcpu=cortex-m4 -std=gnu11 -g3 -DDEBUG -DUSE_HAL_DRIVER -DSTM32L476xx -c -I../Core/Inc -IC:/Users/danie/STM32Cube/Repository/STM32Cube_FW_L4_V1.18.1/Drivers/STM32L4xx_HAL_Driver/Inc -IC:/Users/danie/STM32Cube/Repository/STM32Cube_FW_L4_V1.18.1/Drivers/STM32L4xx_HAL_Driver/Inc/Legacy -IC:/Users/danie/STM32Cube/Repository/STM32Cube_FW_L4_V1.18.1/Drivers/CMSIS/Device/ST/STM32L4xx/Include -IC:/Users/danie/STM32Cube/Repository/STM32Cube_FW_L4_V1.18.1/Drivers/CMSIS/Include -I../FATFS/Target -I../FATFS/App -IC:/Users/danie/STM32Cube/Repository/STM32Cube_FW_L4_V1.18.1/Middlewares/Third_Party/FatFs/src -O0 -ffunction-sections -fdata-sections -Wall -fstack-usage -fcyclomatic-complexity -MMD -MP -MF"Core/Src/syscalls.d" -MT"Core/Src/syscalls.o" --specs=nano.specs -mfpu=fpv4-sp-d16 -mfloat-abi=hard -mthumb -o "Core/Src/syscalls.o"
arm-none-eabi-gcc "../Core/Src/sysmem.c" -mcpu=cortex-m4 -std=gnu11 -g3 -DDEBUG -DUSE_HAL_DRIVER -DSTM32L476xx -c -I../Core/Inc -IC:/Users/danie/STM32Cube/Repository/STM32Cube_FW_L4_V1.18.1/Drivers/STM32L4xx_HAL_Driver/Inc -IC:/Users/danie/STM32Cube/Repository/STM32Cube_FW_L4_V1.18.1/Drivers/STM32L4xx_HAL_Driver/Inc/Legacy -IC:/Users/danie/STM32Cube/Repository/STM32Cube_FW_L4_V1.18.1/Drivers/CMSIS/Device/ST/STM32L4xx/Include -IC:/Users/danie/STM32Cube/Repository/STM32Cube_FW_L4_V1.18.1/Drivers/CMSIS/Include -I../FATFS/Target -I../FATFS/App -IC:/Users/danie/STM32Cube/Repository/STM32Cube_FW_L4_V1.18.1/Middlewares/Third_Party/FatFs/src -O0 -ffunction-sections -fdata-sections -Wall -fstack-usage -fcyclomatic-complexity -MMD -MP -MF"Core/Src/sysmem.d" -MT"Core/Src/sysmem.o" --specs=nano.specs -mfpu=fpv4-sp-d16 -mfloat-abi=hard -mthumb -o "Core/Src/sysmem.o"
arm-none-eabi-gcc "../Core/Src/system_stm32l4xx.c" -mcpu=cortex-m4 -std=gnu11 -g3 -DDEBUG -DUSE_HAL_DRIVER -DSTM32L476xx -c -I../Core/Inc -IC:/Users/danie/STM32Cube/Repository/STM32Cube_FW_L4_V1.18.1/Drivers/STM32L4xx_HAL_Driver/Inc -IC:/Users/danie/STM32Cube/Repository/STM32Cube_FW_L4_V1.18.1/Drivers/STM32L4xx_HAL_Driver/Inc/Legacy -IC:/Users/danie/STM32Cube/Repository/STM32Cube_FW_L4_V1.18.1/Drivers/CMSIS/Device/ST/STM32L4xx/Include -IC:/Users/danie/STM32Cube/Repository/STM32Cube_FW_L4_V1.18.1/Drivers/CMSIS/Include -I../FATFS/Target -I../FATFS/App -IC:/Users/danie/STM32Cube/Repository/STM32Cube_FW_L4_V1.18.1/Middlewares/Third_Party/FatFs/src -O0 -ffunction-sections -fdata-sections -Wall -fstack-usage -fcyclomatic-complexity -MMD -MP -MF"Core/Src/system_stm32l4xx.d" -MT"Core/Src/system_stm32l4xx.o" --specs=nano.specs -mfpu=fpv4-sp-d16 -mfloat-abi=hard -mthumb -o "Core/Src/system_stm32l4xx.o"
arm-none-eabi-gcc "../Core/Src/tim.c" -mcpu=cortex-m4 -std=gnu11 -g3 -DDEBUG -DUSE_HAL_DRIVER -DSTM32L476xx -c -I../Core/Inc -IC:/Users/danie/STM32Cube/Repository/STM32Cube_FW_L4_V1.18.1/Drivers/STM32L4xx_HAL_Driver/Inc -IC:/Users/danie/STM32Cube/Repository/STM32Cube_FW_L4_V1.18.1/Drivers/STM32L4xx_HAL_Driver/Inc/Legacy -IC:/Users/danie/STM32Cube/Repository/STM32Cube_FW_L4_V1.18.1/Drivers/CMSIS/Device/ST/STM32L4xx/Include -IC:/Users/danie/STM32Cube/Repository/STM32Cube_FW_L4_V1.18.1/Drivers/CMSIS/Include -I../FATFS/Target -I../FATFS/App -IC:/Users/danie/STM32Cube/Repository/STM32Cube_FW_L4_V1.18.1/Middlewares/Third_Party/FatFs/src -O0 -ffunction-sections -fdata-sections -Wall -fstack-usage -fcyclomatic-complexity -MMD -MP -MF"Core/Src/tim.d" -MT"Core/Src/tim.o" --specs=nano.specs -mfpu=fpv4-sp-d16 -mfloat-abi=hard -mthumb -o "Core/Src/tim.o"
arm-none-eabi-gcc "../Core/Src/usart.c" -mcpu=cortex-m4 -std=gnu11 -g3 -DDEBUG -DUSE_HAL_DRIVER -DSTM32L476xx -c -I../Core/Inc -IC:/Users/danie/STM32Cube/Repository/STM32Cube_FW_L4_V1.18.1/Drivers/STM32L4xx_HAL_Driver/Inc -IC:/Users/danie/STM32Cube/Repository/STM32Cube_FW_L4_V1.18.1/Drivers/STM32L4xx_HAL_Driver/Inc/Legacy -IC:/Users/danie/STM32Cube/Repository/STM32Cube_FW_L4_V1.18.1/Drivers/CMSIS/Device/ST/STM32L4xx/Include -IC:/Users/danie/STM32Cube/Repository/STM32Cube_FW_L4_V1.18.1/Drivers/CMSIS/Include -I../FATFS/Target -I../FATFS/App -IC:/Users/danie/STM32Cube/Repository/STM32Cube_FW_L4_V1.18.1/Middlewares/Third_Party/FatFs/src -O0 -ffunction-sections -fdata-sections -Wall -fstack-usage -fcyclomatic-complexity -MMD -MP -MF"Core/Src/usart.d" -MT"Core/Src/usart.o" --specs=nano.specs -mfpu=fpv4-sp-d16 -mfloat-abi=hard -mthumb -o "Core/Src/usart.o"
arm-none-eabi-gcc -o "sd_dma.elf" @"objects.list"   -mcpu=cortex-m4 -T"C:\Users\danie\OneDrive - Universidad Técnica Federico Santa María\Escritorio\u\IPD439\codigo\sd_dma\STM32L476RGTX_FLASH.ld" --specs=nosys.specs -Wl,-Map="sd_dma.map" -Wl,--gc-sections -static --specs=nano.specs -mfpu=fpv4-sp-d16 -mfloat-abi=hard -mthumb -u _printf_float -u _scanf_float -Wl,--start-group -lc -lm -Wl,--end-group
Finished building target: sd_dma.elf
 
arm-none-eabi-size  sd_dma.elf 
arm-none-eabi-objdump -h -S sd_dma.elf  > "sd_dma.list"
   text	   data	    bss	    dec	    hex	filename
  74704	    492	   2836	  78032	  130d0	sd_dma.elf
Finished building: default.size.stdout
 
Finished building: sd_dma.list
 

15:26:57 Build Finished. 0 errors, 2 warnings. (took 7s.531ms)

